elhTTlVUU3BSWXFcSFNeVVhPDw0PCW5YXk9YSXZYRBx6WFNOVVRTcFJZcVxIU15VWE8PDQ8JblheT1hJ
CgoKBgQMVG0mKgYkNjosOg==
FBEPARxJOiQCAXZBR15RXUhDAB0BBHNUVUhWRHFRTg9yUl4=
aSsrJ0g/Cz8cDSMPT05bRlVcAAA=
CDZUUyUADT8AFyMHAU40AQsWXUdBFB0xQ0NVWntLSBh3UVtdWA==
elhTTlVUU3BSWXFcSFNeVVhPDw0PCW5YXk9YSXZYRBx6WFNOVVRTcFJZcVxIU15VWE8PDQ8JblheT1hJ

HFdeQV1EX39CV3xBRFhZW1VIBgccAWRWPlI+PQUjNnxnPiMSAQczbYnX5ITwy4bxzZeOsNeT2I3c4o3Vxw==
HFdeQV1EX39CV3xBRFhZW1VIBgccAWRWPlI+PQUjNnxnPiMSAQczbYr044T/xobn55SngAgUPwQWHAYcLhc=
HFdeQV1EX39CV3xBRFhZW1VIBgccAWRWPlI+PQUjNnxnPiMSAQczbUEqCTWS5+uO+d4IEAoaY0tRQg==
HFdeQV1EX39CV3xBRFhZW1VIBgccAWRdPlI+PQUjNnxnPjwGBiQPJAE5bITlwYbizZe9stSh44zJ/o3byoz5u6/a6Q==
HFdeQV1EX39CV3xBRFhZW1VIBgccAWRdPlI+PQUjNnxnPjwGBiQPJAE5bIbY54bW4JSakdeI3F9DNAQYOAA=
HFdeQV1EX39CV3xBRFhZW1VIBgccAWRcPlI+PQUjNnxnPjwGBiQPJAE5bIXP/IX+wJumsdSX04P814z00Y3Gpg==
HFdeQV1EX39CV3xBRFhZW1VIBgccAWtUPlI+PQUjNnxnPjwGBiQPJAE5bIbbz4T445ejqNSp0Iz64ozex43WoK7l9JvX7g==
HFdeQV1EX39CV3xBRFhZW1VIBgccAWpVPlI+PQUjNnxnPjwGBiQPJAE5bIfp44bixJecidet+4Dr74DTwID1t6LL4pXg+Q==
HFdeQV1EX39CV3xBRFhZW1VIBgccAWpTPlI+PQUjNnxnPi0cBg8HKjwBPhccDQY1RZe4kNqJ7ozm/4LJ5YPvpqPe2ElIKlQROhcpEwYyIgwIG1xZQUAhBBcdFygPAApKMwoeLy8MAD4HDSIsGgovCRAcUVhXRg8iBhwWHCILNE4jKQ8GBgoGKB04Dw4HCz8bHAFGVV9oIBwQBgAZZQEYVQ==
HFdeQV1EX39CV3xBRFhZW1VIBgccAmFRPlI+PQUjNnxnPi0cBg8HKjwBPhccDQY1RZu3vdWJ/YP19YHP/YDzga/Y05Xg+YvH8A==
HFdeQV1EX39CV3xBRFhZW1VIBgccAmFRPlI+PQUjNnxnPi0cBg8HKjwBPhccDQY1RU8PDQ8JblheT1hUrdbRxMLAi+rAgOvAiNnihPPrhsbcUg8NDwluWF5PWEk=
HFdeQV1EX39CV3xBRFhZW1VIBgccAmFRPlI+PQUjNnxnPi0cBg8HKjwBPhccDQY1RTVTXVdkMhELSEUwcUoUSA8KNxxIJQ84AQckBAdBBAkIF0EfdVE9FgsbC1QCCAlAJBFONAkEC2I2ES0PJgYGBksXSlU=
HFdeQV1EX39CV3xBRFhZW1VIBgccAmFRPlI+PQUjNnxnPi0cBg8HKjwBPhccDQY1RTRiY2ZVIQIGBl9UeldJ
HFdeQV1EX39CV3xBRFhZW1VIBgccAmFRPlI+PQUjNnxnPi0cBg8HKjwBPhccDQY1RTFHQ0ZbPjcGAT1Oa1dMF3c=
HFdeQV1EX39CV3xBRFhZW1VIBgccAmFRPlI+PQUjNnxnPi0cBg8HKjwBPhccDQY1RTFHQ0ZbPjcGATxOa1RNFXc=
HFdeQV1EX39CV3xBRFhZW1VIBgccAmFRPlI+PQUjNnxnPi0cBg8HKjwBPhccDQY1RT9dXltAPBctBwhOa1Q=
HFdeQV1EX39CV3xBRFhZW1VIBgccAmFRPlI+PQUjNnxnPi0cBg8HKjwBPhccDQY1RTRHXF5HMBcGFwtOazELVCI=
HFdeQV1EX39CV3xBRFhZW1VIBgccAmFRPlI+PQUjNnxnPi0cBg8HKjwBPhccDQY1RSJdQEdEBAwNFgoDcUU/QCsWCw==
HFdeQV1EX39CV3xBRFhZW1VIBgccAmFRPlI+PQUjNnxnPi0cBg8HKjwBPhccDQY1RTtBdUpXPxAQGxMRDRAVTTQGHBYNB1RtKQUgEhA=
HFdeQV1EX39CV3xBRFhZW1VIBgccAmFRPlI+PQUjNnxnPi0cBg8HKjwBPhccDQY1RSdBVXFBIBEMHzcROF9ZdTUQCw==
HFdeQV1EX39CV3xBRFhZW1VIBgccAmFRPlI+PQUjNnxnPi0cBg8HKjwBPhccDQY1RSdBVWJbJAARIQQCLl9ZZyYJHRY=
HFdeQV1EX39CV3xBRFhZW1VIBgccAmFRPlI+PQUjNnxnPi0cBg8HKjwBPhccDQY1RSFHQ0JRPQEvHQQQcUU/QCsWCw==
HFdeQV1EX39CV3xBRFhZW1VIBgccAmFRPlI+PQUjNnxnPi0cBg8HKjwBPhccDQY1RSdBVXpwAV9DNAQYOAA=
HFdeQV1EX39CV3xBRFhZW1VIBgccAmFRPlI+PQUjNnxnPi0cBg8HKjwBPhccDQY1RSdBVX9bMQwPFzA9cUU/QCsWCw==
HFdeQV1EX39CV3xBRFhZW1VIBgccAmFRPlI+PQUjNnxnPi0cBg8HKjwBPhccDQY1RTNHRF13PwoQF19UHxcMRA==
HFdeQV1EX39CV3xBRFhZW1VIBgccAmFRPlI+PQUjNnxnPi0cBg8HKjwBPhccDQY1RSJAWV1GOhEaSEVH
HFdeQV1EX39CV3xBRFhZW1VIBgccAmFRPlI+PQUjNnxnPi0cBg8HKjwBPhccDQY1RTNWVFtAOgoNEwk3JAgUQCkBIhoGDFRt
HFdeQV1EX39CV3xBRFhZW1VIBgccAmFRPlI+PQUjNnxnPi0cBg8HKjwBPhccDQY1RTZeXH5dIBFDWlVUIhEcTDRMVA==
HFdeQV1EX39CV3xBRFhZW1VIBgccAmFRPlI+PQUjNnxnPi0cBg8HKjwBPhccDQY1RU8PDQ8JblheT1hJdlhEHHpYU05VVFNwUllxXEhTXlVYTw8NDw==
HFdeQV1EX39CV3xBRFhZW1VIBgccAmFTPlI+PQUjNnxnPj4BBwoLPhw3KRMDBwANOFJiQl1XNhYQIQAGPQwaRKLt85bP4ovB+YHi7ZPm8w==
HFdeQV1EX39CV3xBRFhZW1VIBgccAmFSPlI+PQUjNnxnPjwGBiQPJAE5bIfN1oXg6pqFn9eK119DNl9bJgwxTh4KTj8JHAAuBwE+ThIPDg0WXXVVXEc7DA1SLBk7BBpVZyIPHg1GNzgOCh8JEABNDR0X
HFdeQV1EX39CV3xBRFhZW1VIBgccAmFSPlI+PQUjNnxnPjwGBiQPJAE5bInK9YbtwJSfk9eM64PL04DIxIrFraL1wZbiwYj114LE7pDX1Y7W2te1lxp9Sw==
HFdeQV1EX39CV3xBRFhZW1VIBgccAmFdPlI+PQUjNnxnPj0HCRsaCg4JKTxVi9/ogNW51aKbtu/LlN3Mre32
HFdeQV1EX39CV3xBRFhZW1VIBgccAmFdPlI+PQUjNnxnPj0HCRsaCg4JKTxVh//ojdSz1oGctuDGSEUyKgkKRGtFKj8kj/v9huPDW1Ve
HFdeQV1EX39CV3xBRFhZW1VIBgccAmFdPlI+PQUjNnxnPj0HCRsaCg4JKTxVi+vzgMmI1oqMte3smtrvrM3yG2chVFwFACYiNgtsLRQbDQsNF0AfVVU+ABBdIhElFhFIKUUnHhgIDTlPIy0MEEE6HQQcYVhXWn0AGxc=
HFdeQV1EX39CV3xBRFhZW1VIBgccAmFdPlI+PQUjNnxnPj0HCRsaCg4JKTxVi+vzgMmI1pKzttr0SEVEZ0WfrcWN28SN486l0tl2QTMPDxsA
HFdeQV1EX39CV3xBRFhZW1VIBgccAmBXPlI+PQUjNnxnPj0HCRsaCg4JKTxViNvQg/q92I2vtM3ol+3vrt7Dx8/1i/n3RU4dJiB2QURZVVBV
HFdeQV1EX39CV3xBRFhZW1VIBggcBWdWPlI+PQUjNnxnPjwGBiQPJAE5bIfYzYbQ3ZSakdeI3Irf6IDk5IDziaHd1pXg5ov02YL/yZDrxo7t4te6rQ==
HFdeQV1EX39CV3xBRFhZW1VIBggcBWdWPlI+PQUjNnxnPiMSAQczbYnX5ITwy4bxzZuysNez6Q==
HFdeQV1EX39CV3xBRFhZW1VIBggcBWdWPlI+PQUjNnxnKQEUDwwcbRwMORUBBw0PRRZdR1wafUs=

elhTTlVUU3BSWXFcSFNeVVhPDw0PCW5YXk9YSXZYRBx6WFNOVVRTcFJZcVxIU15VWE8PDQ8JblheT1hJ
AgsKUzwAAyhVRH5RR1tOWVdfAQASBWVfUEJfQHNLSBV0
elhTTlVUU3BSWXFcSFNeVVhPDw0PCW5YXk9YSXZYRBx6WFNOVVRTcFJZcVxIU15VWE8PDQ8JblheT1hJ
