elhTTlVUU3BSWXFcSFNeVVhPDw0PCW5YXk9YSXZYRBx6WFNOVVRTcFJZcVxIU15VWE8PDQ8JblheT1hJ
oc3PlvX+VG0GCjgEBw0GGBEdQA==
ovXBluLBiNrZjdvVT05RWFdHHwEAGWBVQ0NTTnhVQxVwS1pHXg==
oN7ql9PfVG07Fi0HEwcALxATQFQSHLXQ4pvi+63u38fPz4vqwEA=
elhTTlVUU3BSWXFcSFNeVVhPDw0PCW5YXk9YSXZYRBx6WFNOVVRTcFJZcVxIU15VWE8PDQ8JblheT1hJ

HFdeQV1EX39CV3xBRFhZW1VIBgccAGdTPlI+PQUjNnxnWFNOVVRTcFJZcVxIU15VWE8PDQ8JblheT1hJdlhEHHpYU05VVFNwUg==
HFdeQV1EX39CV3xBRFhZW1VIBgccAGdTPlI+PQUjNnxng9vyge7hq+TCqunfi/rAgOKd1bicfUtN
HFdeQV1EX39CV3xBRFhZW1VIBgccAGdTPlI+PQUjNnxngP7cjePGqPbMq/rbi979X1JxCm5hIAARATk1LwgQTy4WGgEJHQE/MyApEh4aDBg5NVdeQVw6Cy4dATgqEBdCLwAcLy8MAD4HDSIsGgovCRAcUVhXRg==
HFdeQV1EX39CV3xBRFhZW1VIBgccAGdTPlI+PQUjNnxng+XVjuHEq8fFqd36VEONx+zXjIjS+8SGzuo=
HFdeQV1EX39CV3xBRFhZW1VIBgccAGdTPlI+PQUjNnxngsP6jdfrqOH7q8Trhtzzgtq51aKbtu/LXEta
HFdeQV1EX39CV3xBRFhZW1VIBgccAGdTPlI+PQUjNnxngsP6jdfrqOH7q8Trhtzzgtq51aKbtu/LXEta
HFdeQV1EX39CV3xBRFhZW1VIBgccDWRcPlI+PQUjNnxng+fNjeHeqOH7q8Trhtzzgtq5HBJkGiFZUlRDfV1J
HFdeQV1EX39CV3xBRFhZW1VIBgccDWRcPlI+PQUjNnxng+fNjeHeqOH7q8Trhtzzgtq5HBJkGiFZUlRDfV1J
HFdeQV1EX39CV3xBRFhZW1VIBgccDWRcPlI+PQUjNnxnMgcdLAAYKB0QpNbai93sX1JxCm5hIAARATk1LwgQTy4WGgEJHQE/MyApEh4aDBg5NVdeQVw6Cy4dATgqEBdCLwAcLy8MAD4HDSIsGgovCRAcUVhXRg8mDAAAKDwMF0UuEwsBHA==
HFdeQV1EX39CV3xBRFhZW1VIBgccDWRcPlI+PQUjNnxng+XVjuHEq8fFqd36hs3Wgs+c1IqOaUWG0PuR99+fieaA0vw=
HFdeQV1EX39CV3xBRFhZW1VIBgccDWtUPlI+PQUjNnxng9bLjuHhq/jBqd7ihtTHgMy2ChJ3aTk2AQAGODk4RSoMABobHRwsGws+PTQeEywEBlNsflswBA8+CgMXCBBpKDwBL43n8arK+hAOABoTHREtXl9VGicdFw==
HFdeQV1EX39CV3xBRFhZW1VIBgccDWtUPlI+PQUjNnxng9bLjuHhquXSquH0ifj5g/yV1aucaUWGzuWR7O6eutaD4NSO/suo0POq9/KK2N4=
HFdeQV1EX39CV3xBRFhZW1VIBgccDWtUPlI+PQUjNnxngsP6jdfraojm9YTy1Ybt7JulmBXQ6e6HydOQ8MCcseiA5NuO3O+k6Ouq6tOI68JLXBw=
HFdeQV1EX39CV3xBRFhZW1VIBgccDWtUPlI+PQUjNnxng9bLjuHhquXSquH0ifj5g/yV1aucaUWE6fSSxcKem/iCxviN3tyo/8up690=
HFdeQV1EX39CV3xBRFhZW1VIBwEcAWdQPlI+PQUjNnxng9bLjuHhquXSquH0VEOOxvLUhbnR29WF5cCR9PKcseiA5Ns=
HFdeQV1EX39CV3xBRFhZW1VIBwYcBWtSPlI+PQUjNnxng9bLjuHhquXSquH0VEOOxvLUhbnR29WF0t2R9OacseiA5Ns=
HFdeQV1EX39CV3xBRFhZW1RIAwgcDWFcPlI+PQUjNnxng9bLjuHhquXSquH0VEOOxvLUhbnR29WE8NyRzN6cpM6M+dtIRE6o1fCryv6L7tuA4p3VuJy10OKb4vut7t/Hz88=
HFdeQV1EX39CV3xBRFhZW1RIAwgcDWVTPlI+PQUjNnxng83zjtzlqOfUq+PMi+TTgPe72aWct9/olt7CpNn4xPvli9Tjj9vMhuPDh/7IheDPXBwe
HFdeQV1EX39CV3xBRFhZW1RIAwgcDWVTPlI+PQUjNnxng8PQjfXGqOf5qcb+i+/+MhtcdFtCNhcXXEta
HFdeQV1EX39CV3xBRFhZW1RIAwgcDWVTPlI+PQUjNnxnMgcdLAAYKB0QbCU5IovfypeMtAgUEF8/JxYRORYlYCMIBx0BGho/DhAjEykqBhsOBl1AbnM2CxAaDBoGCh1tJhAAEAAMHBEoASISHQcNJQoWflFHWjANBgA5NyQXHH0wDAAXAR8LPxs4GwgbKgoeAABGHlZYPw==
HFdeQV1EX39CV3xBRFhZW1RIAwgcDWVSPlI+PQUjNnxnMgcdLAAYKB0QYgUZAobixZqPjdS8w4Dp7Q==
HFdeQV1EX39CV3xBRFhZW1RIAwgcDWVSPlI+PQUjNnxngdPMj/3GqM36qd3PiMvJgM692I2ztd7HmsLwru3gzvvti93kj/v5h8PIhP33jNTs
HFdeQV1EX39CV3xBRFhZW1RIAwgcDWVSPlI+PQUjNnxnjdH0jtLKpcjgqensVEMHEAZQX0daN0UCHAFUYxEaUWkhHQc4Bhw5T1lxQU1XWlFFHUAQRlcjSycBESQkFw0BelhOS1hJAT9PESgRWyoQHDUdQEQSCW5FU1IKBmtNEFFpIR0HKQ0KP09ZcUFEXFRGVVwCHgMUMgsHUhEXO0s9UjM1AQEcSVJwT1F8UUVHSg==
HFdeQV1EX39CV3xBRFhZW1RIAwgcDWVSPlI+PQUjNnxnMgcdLAAYKB0QAxEQAIbh6JWotNeD9oHe7oLv5YDEtH1FLUk0PB0oHRcQIBEDCgYMAUZCU0A8Fz82AAcgERZRGyILHRsBByMiCygtFBsNCw0XQGx1UT0WCxsLOSQBNUAyCw0bDRsyDgAWKT0GFxAcAB8=
HFdeQV1EX39CV3xBRFhZW1RIAwgcDWVdPlI+PQUjNnxnMgcdLAAYKB0Qqv34i+nJgcq/1Z+stvnLndn8osPvx+vEis7XjvrlifP6hMXohuD+l4mK3Yja
HFdeQV1EX39CV3xBRFhZW1RIAwgcDWVdPlI+PQUjNnxnjcDNj9TAqNjBqNzpifjGgM+n1IqOaUUgSDkhOAALUhskCh4BBwc+GxYtFRocPywAAVlEXUQPIgYcFhwiCzROIykPBgYKBigdOAsEGx0LAQs/XVR+VSYLABoABhcmFlMiORkaBg0HOwoWOA==
HFdeQV1EX39CV3xBRFhZW1RIAwgcDWRQPlI+PQUjNnxnMgcdLAAYKB0Qqe7QiPzsg/uh1Y60te3zl+/r
HFdeQV1EX39CV3xBRFhZW1RIAwgcDWRQPlI+PQUjNnxng/vDjuTAqOPhqu/QiPfegsiN15q/ttLRl/Xbru/R
HFdeQV1EX39CV3xBRFhZW1RIAwgcDWRQPlI+PQUjNnxng9vyge7hpdDjqtrRi9Tag82y1oaP
HFdeQV1EX39CV3xBRFhZW1RIAwgcDWRQPlI+PQUjNnxnMgcdLAAYKB0Qqenoi8TjgP6k1rqktu/8ndn4rdD4yMDqhszvj9XpitP+h8ruhdze
HFdeQV1EX39CV3xBRFhZW1RIAwgcDWRQPlI+PQUjNnxngsP6jdfrqOH7q8Trhtzzgtq52bK0tuLZXEta
HFdeQV1EX39CV3xBRFhZW1RIAwgcDWRQPlI+PQUjNnxngsP6jdfrqOH7q8Trhtzzgtq52bK0tuLZXkUkAiFDAXZSWEtY
HFdeQV1EX39CV3xBRFhZW1RIAwgcDWRTPlI+PQUjNnxng+DWjv3YqtXbq8n+i9TagOKd1bic
HFdeQV1EX39CV3xBRFhZW1RIAAAcAGRUPlI+PQUjNnxng9bLjuHhquXSquH0VEOOxvLUhbnR29WF7uiRwcScuO+Cz92Ax8o=
HFdeQV1EX39CV3xBRFhZW1RIAQAcBmFdPlI+PQUjNnxng9bLjuHhquXSquH0VEOOxvLUhbnR29WLzf6RzsCfmf+D5vw=
HFdeQV1EX39CV3xBRFhZW1RIAQAcBmFdPlI+PQUjNnxng9bLjuHhquXSquH0VEOO3crUuL3R5NeG3OmRzs2cseiA5Ns=
HFdeQV1EX39CV3xBRFhZW1FIAgUcBWBRPlI+PQUjNnxngNnBjuLIq+fObFBFXkOM3djUpYLS3suG/uA=
HFdeQV1EX39CV3xBRFhZW1NIAAMcBmNTPlI+PQUjNnxngNnBjuLIq+fObFNFXkOM3djUpYLS3suG/uA=
HFdeQV1EX39CV3xBRFhZXFRIAgccDWRUPlI+PQUjNnxngNnBjuLIq+fObFJFXkOM3djUpYLS3suG/uA=
HFdeQV1EX39CV3xBRFhZXFZIBgEcBmZUPlI+PQUjNnxngNnBjuLIq+fObFVFXkOM3djUpYLS3suG/uA=
HFdeQV1EX39CV3xBRFhZXFBIAgEcDGpVPlI+PQUjNnxngNnBjuLIq+fObFRFXkOM3djUpYLS3suG/uA=
HFdeQV1EX39CV3xBRFhZXFJIAgMcA2dcPlI+PQUjNnxngNnBjuLIq+fObFdFXkOM3djUpYLS3suG/uA=
HFdeQV1EX39CV3xBRFhZXF1IAgIcA2BWPlI+PQUjNnxngNnBjuLIq+fObFZFXkOM3djUpYLS3suG/uA=
HFdeQV1EX39CV3xBRFhZXFxIAQEcDGtWPlI+PQUjNnxngNnBjuLIq+fObFlFXkOM3djUpYLS3suG/uA=
HFdeQV1EX39CV3xBRFhZXVVIAAkcAGZTPlI+PQUjNnxngNnBjuLIq+fObFhFXkOM3djUpYLS3suG/uA=
HFdeQV1EX39CV3xBRFhZXVRIBgUcDGZWPlI+PQUjNnxngNnBjuLIq+fObFBFXlNIgcqY1qeEtejNl+nx
HFdeQV1EX39CV3xBRFhZXVdIBwccB2pdPlI+PQUjNnxngNnBjuLIq+fObFBEXlNIgcqY1qeEtejNl+nx
HFdeQV1EX39CV3xBRFhZXVZIAQUcDGBWPlI+PQUjNnxngNnBjuLIq+fObFBHXlNIgcqY1qeEtejNl+nx
HFdeQV1EX39CV3xBRFhZXVFIAAUcBGNRPlI+PQUjNnxngNnBjuLIq+fObFBGXlNIgcqY1qeEtejNl+nx
HFdeQV1EX39CV3xBRFhZXVBIBgAcBWJXPlI+PQUjNnxngNnBjuLIq+fObFBBXlNIgcqY1qeEtejNl+nx
HFdeQV1EX39CV3xBRFhZXVJIAQEcAmVQPlI+PQUjNnxngNnBjuLIq+fObFBAXlNIgcqY1qeEtejNl+nx
HFdeQV1EX39CV3xBRFhZXV1IAQAcDGRWPlI+PQUjNnxngNnBjuLIq+fObFBDXlNIgcqY1qeEtejNl+nx
HFdeQV1EX39CV3xBRFhZXVxIBwkcDGtWPlI+PQUjNnxngNnBjuLIq+fObFBCXlNIgcqY1qeEtejNl+nx
HFdeQV1EX39CV3xBRFlZWFRIBgEcAWJRPlI+PQUjNnxngNnBjuLIq+fObFBNXlNIgcqY1qeEtejNl+nx
HFdeQV1EX39CV3xBRFlZWFdIBwccAWZRPlI+PQUjNnxngNnBjuLIq+fObFBMXlNIgcqY1qeEtejNl+nx
HFdeQV1EX39CV3xBRFlZWFFIAQkcAGdWPlI+PQUjNnxngNnBjuLIq+fObFNFXlNIgcqY1qeEtejNl+nx
HFdeQV1EX39CV3xBRFlZWFNIBwgcA2BcPlI+PQUjNnxngNnBjuLIq+fObFNEXlNIgcqY1qeEtejNl+nx
HFdeQV1EX39CV3xBRFlZWFxIAgIcB2RRPlI+PQUjNnxngNnBjuLIq+fObFNHXlNIgcqY1qeEtejNl+nx
HFdeQV1EX39CV3xBRFlZWVVIAwkcAGtcPlI+PQUjNnxngNnBjuLIq+fObFNGXlNIgcqY1qeEtejNl+nx
HFdeQV1EX39CV3xBRFlZWVZIAgEcBWRdPlI+PQUjNnxngNnBjuLIq+fObFNBXlNIgcqY1qeEtejNl+nx
HFdeQV1EX39CV3xBRFlZWVBIAwMcB2tRPlI+PQUjNnxngNnBjuLIq+fObFNAXlNIgcqY1qeEtejNl+nx
HFdeQV1EX39CV3xBRFlZWVNIAAUcDWNRPlI+PQUjNnxngNnBjuLIq+fObFNDXlNIgcqY1qeEtejNl+nx
HFdeQV1EX39CV3xBRFlZWVJIBwIcDGBVPlI+PQUjNnxngNnBjuLIq+fObFNCXlNIgcqY1qeEtejNl+nx
HFdeQV1EX39CV3xBRFlZWV1IBwMcAGRRPlI+PQUjNnxngNnBjuLIq+fObFNNXlNIgcqY1qeEtejNl+nx
HFdeQV1EX39CV3xBRFlZWlVIAAQcBGtUPlI+PQUjNnxngNnBjuLIq+fObFNMXlNIgcqY1qeEtejNl+nx
HFdeQV1EX39CV3xBRFlZWldIAgIcAWdWPlI+PQUjNnxngNnBjuLIq+fObFJFXlNIgcqY1qeEtejNl+nx
HFdeQV1EX39CV3xBRFlZWlZIBgkcBWNXPlI+PQUjNnxngNnBjuLIq+fObFJEXlNIgcqY1qeEtejNl+nx
HFdeQV1EX39CV3xBRFlZWlFIBwYcDWBVPlI+PQUjNnxngNnBjuLIq+fObFJHXlNIgcqY1qeEtejNl+nx
HFdeQV1EX39CV3xBRFlZWlBIBgIcDWNdPlI+PQUjNnxngNnBjuLIq+fObFJGXlNIgcqY1qeEtejNl+nx
HFdeQV1EX39CV3xBRFlZWlNIBgMcAGJTPlI+PQUjNnxngNnBjuLIq+fObFJBXlNIgcqY1qeEtejNl+nx
HFdeQV1EX39CV3xBRFlZWlJIAQgcAmVcPlI+PQUjNnxngNnBjuLIq+fObFJAXlNIgcqY1qeEtejNl+nx
HFdeQV1EX39CV3xBRFlZWlxIAggcAGJQPlI+PQUjNnxngNnBjuLIq+fObFJDXlNIgcqY1qeEtejNl+nx
HFdeQV1EX39CV3xBRFlZW1RIAwQcAGJQPlI+PQUjNnxngNnBjuLIq+fObFJCXlNIgcqY1qeEtejNl+nx
HFdeQV1EX39CV3xBRFlZW1dIAQkcAmBWPlI+PQUjNnxngNnBjuLIq+fObFJNXlNIgcqY1qeEtejNl+nx
HFdeQV1EX39CV3xBRFlZW1FIAAkcDWJXPlI+PQUjNnxngNnBjuLIq+fObFJMXlNIgcqY1qeEtejNl+nx
HFdeQV1EX39CV3xBRFlZW1NIAQccAGdXPlI+PQUjNnxngNnBjuLIq+fObFVFXlNIgcqY1qeEtejNl+nx
HFdeQV1EX39CV3xBRFlZW11IAgccA2VUPlI+PQUjNnxngNnBjuLIq+fObFVEXlNIgcqY1qeEtejNl+nx
HFdeQV1EX39CV3xBRFlZW11IBwYcA2BTPlI+PQUjNnxngNnBjuLIq+fObFVHXlNIgcqY1qeEtejNl+nx
HFdeQV1EX39CV3xBRFlZXFVIAQEcAmJWPlI+PQUjNnxngNnBjuLIq+fObFVGXlNIgcqY1qeEtejNl+nx
HFdeQV1EX39CV3xBRFlZXFdIAgUcBWVSPlI+PQUjNnxngNnBjuLIq+fObFVBXlNIgcqY1qeEtejNl+nx
HFdeQV1EX39CV3xBRFlZXFZIBgMcA2FSPlI+PQUjNnxngNnBjuLIq+fObFVAXlNIgcqY1qeEtejNl+nx
HFdeQV1EX39CV3xBRFlZXFFIBwIcA2RRPlI+PQUjNnxngNnBjuLIq+fObFVDXlNIgcqY1qeEtejNl+nx
HFdeQV1EX39CV3xBRFlZXFNIAggcDGtXPlI+PQUjNnxngNnBjuLIq+fObFVCXlNIgcqY1qeEtejNl+nx
HFdeQV1EX39CV3xBRFlZXFJIBgYcDGZTPlI+PQUjNnxngNnBjuLIq+fObFVNXlNIgcqY1qeEtejNl+nx
HFdeQV1EX39CV3xBRFlZXF1IBgAcA2NcPlI+PQUjNnxngNnBjuLIq+fObFVMXlNIgcqY1qeEtejNl+nx
HFdeQV1EX39CV3xBRFlZXF1IBgQcA2FRPlI+PQUjNnxngODsj8zwpdD/q8n+i9TajPKy1bWO
HFdeQV1EX39CV3xBRFlZXF1IBgQcA2FQPlI+PQUjNnxngODsj8zwpdD/q8n+i9TajPKy1bWO
HFdeQV1EX39CV3xBRFlZXF1IBgUcBGNQPlI+PQUjNnxng9bLjuHhquXSquH0ifj5g/yV1aucaUWE6fSSxcKem/iCxviN3tyo7viqzNc=
HFdeQV1EX39CV3xBRFlZXF1IBgUcBGNQPlI+PQUjNnxng9bLjuHhquXSquH0ifj5g/yV1aucaUWGxdeRyvmfjOU=
HFdeQV1EX39CV3xBRFlZXF1IBgUcBGNQPlI+PQUjNnxng8PQjfXGqOrXpfbYOQoGIRtEVUBAfUtN
HFdeQV1EX39CV3xBRFlZXF1IBgUcBGNQPlI+PQUjNnxng8PQjfXGqOrXpfbYOQoGIRtEVUBAfUtN
HFdeQV1EX39CV3xBRFlZXF1IBgUcBGNQPlI+PQUjNnxngOHWjvbqqNjWqeTGh/TFg/qk1qWUtfDTlOjapNn1yMfli/TSj+DoifD6hs/RhMDu
HFdeQV1EX39CV3xBRFlZXF1IBgUcBGNQPlI+PQUjNnxng+DWjv3YqtXbq8n+h+PogPWI3464teXYl+DFre7fx8/PiObYj+PjiujJh+DeWUhRSwIF
HFdeQV1EX39CV3xBRFlZXF1IBgUcBGNSPlI+PQUjNnxng+7Ijezfq+TCqunfiPbYg/+c1b6xtfDTSEVAclVM
HFdeQV1EX39CV3xBRFlZXF1IBgUcBGNSPlI+PQUjNnxnMgcdLAAYKB0Qqe7QiPzsgMWA1beHuvLO
HFdeQV1EX39CV3xBRFlZXF1IBgUcBGNSPlI+PQUjNnxnMgcdLAAYKB0QqeTGh/TFgNy+1rqk
HFdeQV1EX39CV3xBRFlZXF1IBgUcBGNSPlI+PQUjNnxng8PQjfXGq9fhq/HzOQoGIRtEVUBAuszSl+/crfn0xM3EQF1G
HFdeQV1EX39CV3xBRFlZXF1IBgUcBGNSPlI+PQUjNnxng8PQjfXGq9fhq/HzOQoGIRtEVUBAtfnul+/VZUtX
HFdeQV1EX39CV3xBRFlZXF1IBgUcBGNSPlI+PQUjNnxng8PQjfXGqO74qszXiP/lgPiTChJjOgsnGxMRORE=
HFdeQV1EX39CV3xBRFlZXF1IBgUcBGVVPlI+PQUjNnxng8PQjfXGqOfEpfjRiP/lgPiTChJjOgsnGxMRORE=
HFdeQV1EX39CV3xBRFlZXF1IBgUcBGVVPlI+PQUjNnxng/L+jePPqNjWqsHyhs3YgcqI1bqUuvzH
HFdeQV1EX39CV3xBRFlZXF1IBgUcBGVVPlI+PQUjNnxnMgcdLAAYKB0QqtnwifPugNy+1rqk
HFdeQV1EX39CV3xBRFlZXF1IBgUcBGVVPlI+PQUjNnxng9vyge7hq+TCqunfi/rAg9+R1YqMuuXjl+LO
HFdeQV1EX39CV3xBRFlZXF1IBgUcBGVVPlI+PQUjNnxnWFNOVVRTcFJZcVxIU15VWE8PDQ8JblheT1hJdlhEHHpYU05VVFNwUg==

elhTTlVUU3BSWXFcSFNeVVhPDw0PCW5YXk9YSXZYRBx6WFNOVVRTcFJZcVxIU15VWE8PDQ8JblheT1hJ
AgsKUzwAAyhVRH5RR1tOWVdfAQASBWRfV0pfQH5LSRd3
elhTTlVUU3BSWXFcSFNeVVhPDw0PCW5YXk9YSXZYRBx6WFNOVVRTcFJZcVxIU15VWE8PDQ8JblheT1hJ
