elhTTlVUU3BSWXFcSFNeVVhPDw0PCW5YXk9YSXZYRBx6WFNOVVRTcFJZcVxIU15VWE8PDQ8JblheT1hJ
CgoKBgQMVG0jJRkvNiYmOg==
FBEPARxJOiQCAXZBR15RXUhDAB0BBHNUVUhWRHFXSA91XV1AXls=
FxwaGwcHThsKFj8IGgBZSFZcAwAcBWJFSwYEEzhKDxJpVF5dWVhUegtQLwJAD09IJAJAEBIBc1dTQFZYa1VJG3RdVEJfQE4WIjcPQQNAUlFXSxIGBhQxDBdSTTUGIU8Vbjg=
FwkPBw4GHCBVRDsIG11R
elhTTlVUU3BSWXFcSFNeVVhPDw0PCW5YXk9YSXZYRBx6WFNOVVRTcFJZcVxIU15VWE8PDQ8JblheT1hJ

HFdeQV1EX39CV3xBRFhZW1VIAAEcBmtWPlI+PQUjNnxnPgMSAQczbYr044T/xobxzZeOsNeT2I3c4o3Vxw==
HFdeQV1EX39CV3xBRFhZW1VIAAEcBmtWPlI+PQUjNnxnPgMSAQczbT8dOAkaAITh7ZSunAgUYEtSQktFekVRVSYCHVweWkB8X0p9UE9ZB1wGEQdRHhQSFRFSRUFrV0kTdElOQ1hTXXVVVXtIVTUuOyZSRB4DDWFcQ0RRVCkMDQFvJCM3Xl1HEA==
HFdeQV1EX39CV3xBRFhZW1VIAAEcBmtWPlI+PQUjNnxnPgMSAQczbYfb3InU4ovfypeMtAgUEF8/JxYRORYlYCMIBx0BGho/DhAjEykqBhsOBl1AbnM2CxAaDBoGCh1tJhAAEAAMHBEoASISHQcNJQoWflFHWjANBgA5kcX6noTZKAEXjfnBqOXMqfjdQAYQAA==
HFdeQV1EX39CV3xBRFhZW1VIAAEcBmtWPlI+PQUjNnxnPgMSAQczbYbP1CUlJ4X8ypS+sdeD4Yzm/4LJ5Q==
HFdeQV1EX39CV3xBRFhZW1VIAAEcBmtRPlI+PQUjNnxnPgMSAQczbSs0BYfx8YT3wJWIl9e8+I3NzILJ5YHBm2c1PDwrLD0eMDQJMyojLCYsJn1ibXADLDwzMjUZIA==
HFdeQV1EX39CV3xBRFhZW1VIAAEcBmtRPlI+PQUjNnxnPgMSAQczbYrYzITS5Ybg+JeVu9e4xYDU14HJ14LQm67y2l1GRw==
HFdeQV1EX39CV3xBRFhZW1VIAAEcBmtRPlI+PQUjNnxnPgMSAQczbYrT6YXI8oTB35ulhNe8zoDE+YD43YPxsaLv8V9IgdniitrIW1UtWTQwAVdCQWgSAQ4bCx04EQtAMwocLywMHSYbCzw9MgsNGw0bXH1dUB8EFhwGHC4XJWYiCx0bAQcjIgsoLRQbDQsNFw==
HFdeQV1EX39CV3xBRFhZW1VIAAEcBmpdPlI+PQUjNnxnPgMSAQczbT4lPBEZBwAJERtdXteD4YDr6YDP8Q==
HFdeQV1EX39CV3xBRFhZW1VIAAEcAmpTPlI+PQUjNnxnPgMSAQczbYvc94bf+YbnxpeFgtSs7YLHyA==
HFdeQV1EX39CV3xBRFhZW1VIAAEcAmpSPlI+PQUjNnxnWFNOSIz+4oru5ITsxort6JWPntey1oDNy0VJdlg=
HFdeQV1EX39CV3xBRFhZW1VIAAEcAmpSPlI+PQUjNnxng/j0jNLYqMvdqsnUi9/nX1JFX0Bf
HFdeQV1EX39CV3xBRFhZW1VIAAEcAmpSPlI+PQUjNnxnIic+IY/4yovf+oTR14vfypeMtAgU
HFdeQV1EX39CV3xBRFhZW1VIAAEcAmpSPlI+PQUjNnxnEgEBA4/4yovf+oTR14vfypeMtAgUEF9MJxYRORZWYCMIBx0BGho/DhAjE1oqBhsOBl1AHQc3CAoVCgAk
HFdeQV1EX39CV3xBRFhZW1VIAAEcAmpSPlI+PQUjNnxngNPgjeDjq9DkqtXOhtTHgMy2ChJ3aUo2AQAGOEo4RSoMABobHRwsGws+TjELEAMRHUIfAVA+DAQdERs=
HFdeQV1EX39CV3xBRFhZW1VIAAEcAmpSPlI+PQUjNnxngODsj8zwpdjLqd/xVEMsX11fWXpbCgpDPgQBJQYRRDVKCRIFDB1iKAEiEh0HDUgsH0JRUUBzIgIfAFsSEBhPFA0LHUYMFig=
HFdeQV1EX39CV3xBRFhZW1VIAAEcAmpSPlI+PQUjNnxnISI/j+Dmq/PIdkFFQFRGVA==
HFdeQV1EX39CV3xBRFhZW1VIAAEcAmpSPlI+PQUjNnxnISI/jv/pqdTSqfH4VEMMVhYDARxQPwk=
HFdeQV1EX39CV3xBRFhZW1VIAAEcAmpSPlI+PQUjNnxng/bNj83UqP/LqevditzJg/OdChJyMgkQFw==
HFdeQV1EX39CV3xBRFhZW1VIAAEcAmpSPlI+PQUjNnxng+f4jePGqP/LqevdiNvQg/q9ChJyMgkQFw==
HFdeQV1EX39CV3xBRFhZW1VIAAEcAmpSPlI+PQUjNnxngNbUj+fppcHaq9zbi/PHguaaChJyMgkQFw==
HFdeQV1EX39CV3xBRFhZW1VIAAEcAmpSPlI+PQUjNnxngdX2gcL2qNfDq+/yiMvJgM69ChJyMgkQFw==
HFdeQV1EX39CV3xBRFhZW1VIAAEcAmpSPlI+PQUjNnxngvXdjsnpqNfDq+/yVENZV0I=
HFdeQV1EX39CV3xBRFhZW1VIAAEcAmpSPlI+PQUjNnxng/bNj83UpcHaq9zbi/PHguaaChJgIRAG
HFdeQV1EX39CV3xBRFhZW1VIAAEcAmpSPlI+PQUjNnxngOvbjdjhd08wPhQQ
HFdeQV1EX39CV3xBRFhZW1VIAAEcAmpSPlI+PQUjNnxnguXfjeTOqOrMqdD6VEMuBB5BVQ==
HFdeQV1EX39CV3xBRFhZW1VIAAEcAmpSPlI+PQUjNnxng/nTgNfXq87iq8vii+zLX1J0UV5HNg==
HFdeQV1EX39CV3xBRFhZW1VIAAEcAmpSPlI+PQUjNnxnLSohUkkoLAMXKQ==
HFdeQV1EX39CV3xBRFhZW1VIAAEcAmpSPlI+PQUjNnxng/bNj83UqPbMq93ji+zfX1ID
HFdeQV1EX39CV3xBRFhZW1VIAAEcAmpSPlI+PQUjNnxnjenZjcf0qdbtqenzht3Agvy1ChIGZlNTClRAf1U=
HFdeQV1EX39CV3xBRFhZW1VIAAEcAmpSPlI+PQUjNnxnjPbBjuPLpPv9qvfMiMLgX1LUuJjS5uSFwfBJHxcMRGtFh+n4jOLyidfZXCEcFg1JUte/vtPH+oXB8EkfFwxE
HFdeQV1EX39CV3xBRFhZW1VIAAEcAmpSPlI+PQUjNnxng+bZjtzvq8fFqd36VEMNCxpTXlFRNw==
HFdeQV1EX39CV3xBRFhZW1VIAAEcAmpSPlI+PQUjNnxnWFNOSIDrwIjZ4oTz64bG3JWJo9SpzEVeT1g=
HFdeQV1EX39CV3xBRFhZW1VIAQMcBmtQPlI+PQUjNnxng+fgjdXuq/njqNrDi8fRjPK71rmdtsramsrprcT/G2eM7vqO4sc6ABYnh+Pph9PTl5aJ
HFdeQV1EX39CV3xBRFhZW1VIBgEcAGtQPlI+PQUjNnxngvrbjuHZpO/tqurcitnujPK71rmdJAoRGYPizIHCl6LB10lIKlRiOhcpEwZBIgwIG1xZQUAhBBcdF1sPAApKMwoeXB8GHCY=
HFdeQV1EX39CV3xBRFhZW1VIBgEcAGtQPlI+PQUjNnxnEgEBA4/4yovf+oTR14vfypeMtNe7y4P4xl9UCF9WdDQAHABHKAogBgolEgEcAhwKAB10V0c4EQwCSkcvCBBGKBEBU0VXTg5VSxkSEBwQRyQWX1lcXSARERMRGzlKPUQ0DhocGEYZIh0P
HFdeQV1EX39CV3xBRFhZW1VIBgEcAGtTPlI+PQUjNnxnjcDNj9TAOgAWJ4fj6YfT05eWidqD/IDd9l9UCF9WdDQAHABHKAogBgolEgEcAhwKAB10V0c4EQwCSgMkFxI=
HFdeQV1EX39CV3xBRFhZW1VIBgEcAGtTPlI+PQUjNnxnjOv+j9TAqNjWqN7oi87wgPqCChJ3aTk2AQAGODk4RSoMABobHRwsGws+PTELEAMRHUJsdVE9FgsbCzkkATVAMgsNGw0bMgoKCj8JHAAuBwE+U0VcVzsAES4GGyUDEEYbBB4DRg0POQ==
HFdeQV1EX39CV3xBRFhZW1VIBgEcAGtTPlI+PQUjNnxngNLzjc7lqOf/qdrPht7HjOGM1ryRaUUgSEohOAALUmgkCh4BBwc+GxYtFRocTCwAAVlEXUR8EgwADlRjg9GAotnhSUgeAT8ETQ==
HFdeQV1EX39CV3xBRFhZW1VIBgEcAmVUPlI+PQUjNnxnjdPcgfrQq+HBqenui9jSg/qi1bir
HFdeQV1EX39CV3xBRFhZW1VIBgMcAmJWPlI+PQUjNnxnWFNOVVRTcFJZcVxIU15VWE8PDQ8JblheT1hJdlhEHHpYU05VVFNwUllxXEhTXlVYTw8NDwluWF5PWEl2
HFdeQV1EX39CV3xBRFhZW1VIBgMcAmJRPlI+PQUjNnxngvrbjuHZqu3dqebOitnuhvKi1aKbtu/LkeXlrenwyNXLgc/kjNLNisPHhOXBhuLNlIex1ZzY
HFdeQV1EX39CV3xBRFhZW1VIBgMcAmJRPlI+PQUjNnxnWFNOVVRTcFJZcVxIU15VWE8PDQ8JblheT1hJdlhEHHpYU05VVFNwUllxXEhTXlVYTw8NDwluWF5PWEl2
HFdeQV1EX39CV3xBRFhZW1VIBgMcAmJRPlI+PQUjNnxngNLzjc7lpMXopM70htTHgMy22be5tNjNXEta
HFdeQV1EX39CV3xBRFhZW1VIBgMcAmJRPlI+PQUjNnxngNPgjeDjq/njqNrDi8fRg9qT1Y67aUUUHRcfa00OTjUOiOXvjdX7isD1SA==
HFdeQV1EX39CV3xBRFhZW1VIBgMcAmJRPlI+PQUjNnxngNPgjeDjq9DkqtXOiPXvgcmE1ZaNu9LMl9vwcUU6G2gwHRYaGkEMCwklDxwdFxoEBl1CHXA2FggGCgRkEhZTLA==
HFdeQV1EX39CV3xBRFhZW1VIBgMcAmJRPlI+PQUjNnxngODsj8zwpdjLqd/xVEMsX11fWXpbCgpDPgQBJQYRRDVKCRIFDB1iKAEiEh0HDUgsH0JRUUBzIgIfAFsSEBhPFA0LHUYMFig=
HFdeQV1EX39CV3xBRFhZW1VIBgMcAmJRPlI+PQUjNnxnjdncjdfqpMXopM70h+Pyjc21
HFdeQV1EX39CV3xBRFhZW1VIBgMcAmJRPlI+PQUjNnxngNLzjc7lq8zkqv7QiNvQg/q917u8tfnPl+DIrsvAx8fCQF1G
HFdeQV1EX39CV3xBRFhZW1VIBgMcAmJRPlI+PQUjNnxng/LsjvX1qvXgqtnNiOvngvu61q6YaUVVXFdaew==
HFdeQV1EX39CV3xBRFhZW1VIBgMcAmJRPlI+PQUjNnxng/HWjuDQq9fcqun6iergg+6e1I2VteTMlPPzr97PAS4LCBxGHRY5QUpi
HFdeQV1EX39CV3xBRFhZW1VIBgMcAmJRPlI+PQUjNnxng83zjvbLpdjLqd/xVEMrXy5nQ1dGIDkiFggdJQwKVTUEGhwaNS89HyAtFRQyLwcGE158XUMPCAo6Ci0kOZyv2ILL7TQAACsASjgZAQ==
HFdeQV1EX39CV3xBRFhZW1VIBgMcAmJRPlI+PQUjNnxng+fNjeHebQYKKg5bGhscRZSkt9aP5V9DMV8oHhYcUzQ5LxcFAAAkHBA+AAEBETQkAkJ0U0AyOS8dBhUnKRZWGwgHOwcwARGK6tOG0PA/AQsUXR5GTCc=
HFdeQV1EX39CV3xBRFhZW1VIBgMcAmJRPlI+PQUjNnxnjcHIjeb4q9fcqun6iergg+6e1I2VteTMlPPzr97PG2cmVC89Ggs/HDgNBRgHDQEWBkBRRlshOSICFTAqERh9CwoNEgQlATozCSUpGjcMNID8rdeXqg8MDRQKWj8dDQ==
HFdeQV1EX39CV3xBRFhZW1VIBgMcAmJRPlI+PQUjNnxng83zjtzlqOfUqtnNiOvngvu61q6YaUVVXFcrOQAVAQQrPDYkPgcjWUp+T0UxUFFQSwcIAAQMUVNKXER8UEB+c1VXR1xbVnswUH1QQVlRXFItAQkLAGdWUUc=
HFdeQV1EX39CV3xBRFhZW1VIBgMcAmJRPlI+PQUjNnxng9bLjuHhqubsqv3Zi+/RjPe/1rqktu/8SEVCZVdXEQ==
HFdeQV1EX39CV3xBRFhZW1VIBgMcAmJRPlI+PQUjNnxngNbUj+fppcHaq9zbi/PHguaa17iCteXiSEUyKgkKRA==
HFdeQV1EX39CV3xBRFhZW1VIBgMcAmJRPlI+PQUjNnxngdX2jfnBqvvMpcrti9vPgvy11pqVttnsSEUyKgkKRA==
HFdeQV1EX39CV3xBRFhZW1VIBgMcAmJRPlI+PQUjNnxngOn1jc3pqP/LqevdiNvQg/q93464tMPilfHco9vqxMLAiP3PjdX7
HFdeQV1EX39CV3xBRFhZW1VIBgMcAmJTPlI+PQUjNnxngP7cjePGqNjBqNzpidnXgtq51ruTu8Tvl/Xbru/Rxfzei/nJR0Bj
HFdeQV1EX39CV3xBRFhZW1VIBgMcAmJTPlI+PQUjNnxnPjkcGgILPzsMPgQUCk0aEBxvENeD9oHe7oLO9ILRqqLZ7pbP4ojEyIzt7Q==
HFdeQV1EX39CV3xBRFhZW1VIBgMcAmJTPlI+PQUjNnxnPjkcGgILPzsMPgQUCk0aEBxvENaP1ozI6oDM7IL3pqHNz5bU5lRtKQUgEhA=
HFdeQV1EX39CV3xBRFhZW1VIBgMcAmJTPlI+PQUjNnxngNLzjc7lpMXopM70htTHgMy22be5tNjNXEta
HFdeQV1EX39CV3xBRFhZW1VIBgMcAmJTPlI+PQUjNnxngNPgjeDjq/njqNrDi8fRg9qT1Y67aUUUHRcfa00OTjUOiOXvjdX7isD1SA==
HFdeQV1EX39CV3xBRFhZW1VIBgMcAmJTPlI+PQUjNnxngNPgjeDjq9DkqtXOiPXvgcmE1ZaNu9LMl9vwcUU6G2gwHRYaGkEMCwklDxwdFxoEBl1CHXA2FggGCgRkEhZTLA==
HFdeQV1EX39CV3xBRFhZW1VIBgMcAmJTPlI+PQUjNnxngODsj8zwpdjLqd/xVEMsX11fWXpbCgpDPgQBJQYRRDVKCRIFDB1iKAEiEh0HDUgsH0JRUUBzIgIfAFsSEBhPFA0LHUYMFig=
HFdeQV1EX39CV3xBRFhZW1VIBgMcAmFUPlI+PQUjNnxnjdncjdfqpMXopM70h+Pyjc21
HFdeQV1EX39CV3xBRFhZW1VIBgMcAmFUPlI+PQUjNnxnPjkcGgILPzsMPgQUCj5Ijc2p1YiStf7XlPPEcUVMBGdITpXFyovRx43m7Z3B4h8KAFnXqZq22PZcS1o=
HFdeQV1EX39CV3xBRFhZW1VIBgMcAmFXPlI+PQUjNnxnPjkcGgILPzsMPgQUCj5Ijc2p1YiStf7XlPPEcUVLEWJFQ1OOxM2o88yp6e6L2NISHUBb1JzygN/9jcnkjOqfoevLXUZH
HFdeQV1EX39CV3xBRFhZW1VIBgMcAmFRPlI+PQUjNnxnPjkcGgILPzsMPgQUCj5Ijc2p1YiStf7XlPPEcUVKEmJFQ1NbLSMkCAs4DlUiDAkBF0AeV0w2gNTAgNDGgPGX
HFdeQV1EX39CV3xBRFhZW1VIBgMcAmFTPlI+PQUjNnxnPjkcGgILPzsMPgQUCj5Ijc2p1YiStf7XlPPEcUVKFGJFQ1MMWgo1QQ0iCJDZ0Y3B/9e4hA==
HFdeQV1EX39CV3xBRFhZW1VIBgMcAmFTPlI+PQUjNnxnPjkcGgILPzsMPgQUCj5Ijc2p1YiStf7XlPPEcUVKGWJFQ1OOxM2o88yp6e6L2NJFP11UQRS72Myb9sqt69wPaUs=
HFdeQV1EX39CV3xBRFhZW1VIBgMcAmRUPlI+PQUjNnxnPjkcGgILPzsMPgQUCj5Ijc2p1YiStf7XlPPEcUVNEmJFQ1OOxM2o88yp6e6L2NJFIVpRVlEhJgIRDRFrjcSOrvbQlebMQGNB
HFdeQV1EX39CV3xBRFhZW1VIBgMcA2NRPlI+PQUjNnxnPjkcGgILPzsMPgQUCj5Ijc2p1YiStf7XlPPEcUVNGWJFQ1OOxM2o88yp6e6L2NJFIVpRVlEhIwoKAAdrjcSOrvbQlebMQGNB
HFdeQV1EX39CV3xBRFhZW1VIBgMcA2BRPlI+PQUjNnxnPjkcGgILPzsMPgQUCj5Ijc2p1YiStf7XlPPEcUVMEmJFQ1OOxM2o88yp6e6L2NJFFgFUUVs+FQoeAAYUUU8PIwkCU4DUwaT82qrv0EBNRg==
HFdeQV1EX39CV3xBRFhZW1VIBgMcA2VSPlI+PQUjNnxnPjkcGgILPzsMPgQUCj5Ijc2p1YiStf7XlPPEcUVMGWJFQ1OOxM2o88yp6e6L2NJFFgFUSmsmFgYASx0lDFnJ+sqH4NaP4OhBSmI=
HFdeQV1EX39CV3xBRFhZW1VIBgMcA2pcPlI+PQUjNnxnPjkcGgILPzsMPgQUCj5Ijc2p1YiStf7XlPPEcUVMEWJFQ1OO4O6r8+07DgcFhcDEl46/2on8jPDMg/rugPG6ot7UlsbliMX/
HFdeQV1EX39CV3xBRFhZW1VIBgMcA2pcPlI+PQUjNnxnPjkcGgILPzsMPgQUCj5Ijc2p1YiStf7XlPPEcUVMEWJFQ1OOxM2o88yq+sGI9dgBQVZIHF09DIr36JP2y5+3wIHVxUZHQA==
HFdeQV1EX39CV3xBRFhZW1VIBgMcDGNXPlI+PQUjNnxnPjkcGgILPzsMPgQUCj5Ijc2p1YiStf7XlPPEcUVMFGJFQ1MMWgo1QQ0iCJzr7o/Y3NSmtdDo04Xp0ZLd1ZyPy4Pm4w==
HFdeQV1EX39CV3xBRFhZW1VIBgMcDGNQPlI+PQUjNnxnPjkcGgILPzsMPgQUCj5Ijc2p1YiStf7XlPPEcUVMF2JFQ1ON7uioy+Oq8viK3vQhPn7WpLO33tVcS1o=
HFdeQV1EX39CV3xBRFhZW1VIBgMcDGNQPlI+PQUjNnxnPjkcGgILPzsMPgQUCj5Ijc2p1YiStf7XlPPEcUVMF2JFQ1OOxM2o88yq8viK3vQhPn7WpLO33tVcS1o=
HFdeQV1EX39CV3xBRFhZW1VIBgMcDGNTPlI+PQUjNnxnPjkcGgILPzsMPgQUCj5Ijc2p1YiStf7XlPPEcUVMGWJFQ1OOxM2o88yq8viK3vRFNn58HBp9
HFdeQV1EX39CV3xBRFhZW1VIBgUcBGNcPlI+PQUjNnxnPjkcGgILPzsMPgQUCj5Ijc2p1YiStf7XlPPEcUVPE2JFQ1OOxM2o88yo3tuI99FFNn58EtLF4ofJ05HvwpyRyEtAXQ==
HFdeQV1EX39CV3xBRFhZW1VIBgYcBmRcPlI+PQUjNnxnPjkcGgILPzsMPgQUCj5Ijc2p1YiStf7XlPPEcUVPFGJFQ1MsJSJti9vih+HXhsbplLqg
HFdeQV1EX39CV3xBRFhZW1VIBgYcBmRcPlI+PQUjNnxnPjkcGgILPzsMPgQUCj5Ijc2p1YiStf7XlPPEcUVPFGJFQ1MsJSKr/Omo3OmLzeSD+qI=
HFdeQV1EX39CV3xBRFhZW1VIBgYcBmRcPlI+PQUjNnxnPjkcGgILPzsMPgQUCj5Ijc2p1YiStf7XlPPEcUVPF2JFQ1ON7uioy+Oo3tuI99EhPn7WpLO33tVcS1o=
HFdeQV1EX39CV3xBRFhZW1VIBgYcBmtVPlI+PQUjNnxnPjkcGgILPzsMPgQUCj5Ijc2p1YiStf7XlPPEcUVPF2JFQ1OOxM2o88yo3tuI99EhPn7WpLO33tVcS1o=
HFdeQV1EX39CV3xBRFhZW1VIBgYcDGZSPlI+PQUjNnxnPjkcGgILPzsMPgQUCj5Ijc2p1YiStf7XlPPEcUVOFGJFQ1MsJSKp0Mqq9cyLzeSD+qI=
HFdeQV1EX39CV3xBRFhZW1VIBgYcDGZdPlI+PQUjNnxnPjkcGgILPzsMPgQUCj5Ijc2p1YiStf7XlPPEcUVOEGJFQ1ON7uioy+Orxs6L6cAhPn7WpLO33tVcS1o=
HFdeQV1EX39CV3xBRFhZW1VIBgYcDGZdPlI+PQUjNnxnPjkcGgILPzsMPgQUCj5Ijc2p1YiStf7XlPPEcUVOF2JFQ1OOxM2o88yrxs6L6cAhPn7WpLO33tWX7cQnChhFIheI5e+N1fuKwPVPW0A=
HFdeQV1EX39CV3xBRFhZW1VIBgYcDGVQPlI+PQUjNnxnPjkcGgILPzsMPgQUCj5Ijc2p1YiStf7XlPPEcUVBEWJFQ1MsJSKr+eOo2sOJxNOA+JrVuoQ/CgIWAAat8/7F/NOL19GMwMGJ7Nw=
HFdeQV1EX39CV3xBRFhZW1VIBgYcDGVQPlI+PQUjNnxnPjkcGgILPzsMPgQUCj5Ijc2p1YiStf7XlPPEcUVOF2JFQ1ON7uioy+Ol9OmL4OchPn7WpLO33tVcS1o=
HFdeQV1EX39CV3xBRFhZW1VIBgYcDGVQPlI+PQUjNnxnPjkcGgILPzsMPgQUCj5Ijc2p1YiStf7XlPPEcUVOEWJFQ1OOxM2o88yl9OmL4OchPn7WpLO33tVcS1o=
HFdeQV1EX39CV3xBRFhZW1VIBgccB2pQPlI+PQUjNnxnPjkcGgILPzsMPgQUCj5Ijc2p1YiStf7XlPPEcUVOFGJFQ1OB/PKo7OsILTmI9e+ByYTVnLi17fM=
HFdeQV1EX39CV3xBRFhZW1VIBgccB2pQPlI+PQUjNnxnPjkcGgILPzsMPgQUCj5Ijc2p1YiStf7XlPPEcUVBEGJFQ1OOxM2o88yqwvWI/M2Nz53ZoYq168ZcS1o=
HFdeQV1EX39CV3xBRFhZW1VIBgccB2pSPlI+PQUjNnxnPjkcGgILPzsMPgQUCj5Ijc2p1YiStf7XlPPEcUVBFGJFQ1OOxM2o88yp8dqL6cAoHVbVuJS72N6X/NxlS1c=
HFdeQV1EX39CV3xBRFhZW1VIBgccAGFWPlI+PQUjNnxnPjkcGgILPzsMPgQUCj5Ijc2p1YiStf7XlPPEcUVAE2JFQ1OOxM2o88yp8dqL6cCDwZrVt5G2/MtcS1o=
HFdeQV1EX39CV3xBRFhZW1VIBgccAGFdPlI+PQUjNnxnPh0HCRsaEhsWLQcTBwA3AgdTQlZpc4Dz3YD+44PMoK7i4ZXjz4jFxYHVyVlOhcDEl46/CBQ2CwsTCxcuAQ==
HFdeQV1EX39CV3xBRFhZW1VIBgccAGFdPlI+PQUjNnxnPh0HCRsaEhsWLQcTBwA3AgdTQlZpc4Dz3YD+44DonKPeyklIKlQROhcpEwYyIgwIG1xZQUAhBBcdFygPAApKMwoeLy8MAD4HDSIsGgovCRAcUVhXRg8iBhwWHCILNE4jKQ8GBgoGKB04Dw4HCz8bHAFGVV9oJAMTLQgbJQwNTjVLCwsNSUNgCBEtExFOTkUAHFpRXFc2AQ==
HFdeQV1EX39CV3xBRFhZW1VIBgccAGBXPlI+PQUjNnxnPh0HCRsaEhsWLQcTBwA3AgdTQlZpc4PW84zzxIPyh6HtxJbxwYvdwIHGyZPm843v7Q==
HFdeQV1EX39CV3xBRFhZW1VIBgccAGBXPlI+PQUjNnxnPjkcGgILPzsMPgQUCj5Ijc2p1YiStf7XlPPEcUVIEXdATl5IjP7iiu7khNviheD1nY6x
HFdeQV1EX39CV3xBRFhZW1VIBwAcAGBRPlI+PQUjNnxnWFNOVVRTcFJZcVxIU15VWE8PDQ8JblheT1hJdlhEHHpYU05VVFNwUllxXEhTXlVYTw8NDwluWF5PWEl2
HFdeQV1EX39CV3xBRFhZW1VIBwAcAGBRPlI+PQUjNnxngP7cjePGq9rlq8n+i83kg/qiChLS2/WG+Po=
HFdeQV1EX39CV3xBRFhZW1VIBwAcAGBRPlI+PQUjNnxnjdHnjfLwq9nsquDaVEOPzfnXir3S2sKL0+mSw/Wcq9iK0vI=
HFdeQV1EX39CV3xBRFhZW1VIBwAcAGBQPlI+PQUjNnxnWFNOVVRTcFJZcVxIU15VWE8PDQ8JblheT1hJdlhEHHpYU05VVFNwUllxXEhTXlVYTw8NDwluWF5PWEl2
HFdeQV1EX39CV3xBRFhZW1VIBwAcAGBTPlI+PQUjNnxngP7cjePGq+f0qevqgd/pgtq51Yi7ttXll/nceILes6L14Jvvw4vHx43M4ZDp2Q==
HFdeQV1EX39CV3xBRFhZW1VIBwMcA2JRPlI+PQUjNnxnKQEUDwwcbRwMORUBBw0PRRZdR1wafUs=

elhTTlVUU3BSWXFcSFNeVVhPDw0PCW5YXk9YSXZYRBx6WFNOVVRTcFJZcVxIU15VWE8PDQ8JblheT1hJ
AgsKUzwAAyhVRH5RR1tOWVdfAQASBWVfUEJfQXhLThBzV1tD
elhTTlVUU3BSWXFcSFNeVVhPDw0PCW5YXk9YSXZYRBx6WFNOVVRTcFJZcVxIU15VWE8PDQ8JblheT1hJ
